// Jest Snapshot v1, https://goo.gl/fbAQLP

exports[`PageSelector matches the snapshot 1`] = `
<div
  className="page-selector"
>
  <button
    className="previous-page-button"
    onClick={[Function]}
  >
    ← Previous page
  </button>
  <button
    className="next-page-button"
    onClick={[Function]}
  >
    Next page →
  </button>
</div>
`;
