// Jest Snapshot v1, https://goo.gl/fbAQLP

exports[`SearchBar matches the snapshot 1`] = `
<div
  className="search-bar"
>
  Search:
   
  <input
    className="search-input"
    onKeyDown={[Function]}
    placeholder="input show's title to search for and press enter"
    size="35"
    type="text"
    value=""
  />
</div>
`;
